Return	true
Read	.etc.ntp_conf.all $["comment":"", "file":-1, "kind":"section", "name":"", "type":-1, "value":[]]
Write	.etc.ntp_conf.all $["comment":"", "file":-1, "kind":"section", "name":"", "type":-1, "value":[$["comment":"", "kind":"value", "name":"server", "type":0, "value":"ntp1  options1"], $["comment":"", "kind":"value", "name":"server", "type":0, "value":"127.127.1.2  options_clock"], $["comment":"", "kind":"value", "name":"fudge", "type":0, "value":"127.127.1.2 "], $["comment":"", "kind":"value", "name":"server", "type":0, "value":"ntp2  options2"], $["comment":"", "kind":"value", "name":"peer", "type":0, "value":"peer1  options_peer"], $["comment":"", "kind":"value", "name":"restrict", "type":0, "value":"-6  default kod notrap nomodify nopeer noquery"], $["comment":"\n# Local users may interrogate the ntp server more closely.\n", "kind":"value", "name":"restrict", "type":0, "value":"127.0.0.1  "], $["comment":"", "kind":"value", "name":"restrict", "type":0, "value":"::1  "]]] true
Write	.etc.ntp_conf nil true
Write	.sysconfig.network.config.NETCONFIG_NTP_POLICY "" true
Write	.sysconfig.network.config nil true
Execute	.target.bash "/sbin/netconfig update -m ntp" 0
Write	.sysconfig.ntp.NTPD_RUN_CHROOTED "yes" true
Write	.sysconfig.ntp nil true
Execute	.target.bash "test -e /etc/cron.d/novell.ntp-synchronize  && rm /etc/cron.d/novell.ntp-synchronize;" 0
Return	true
